../Drivers/CMSIS/Include/core_cm0.h:623:22:__NVIC_EnableIRQ	16	static
../Core/Src/main.c:27:5:main	8	static
../Core/Src/main.c:47:6:DMA1_Channel2_3_IRQHandler	8	static
../Core/Src/main.c:54:6:TIM3_IRQHandler	8	static
../Core/Src/main.c:65:6:ADC1_IRQHandler	8	static
../Core/Src/main.c:74:6:ping	16	static
../Core/Src/main.c:82:6:SystemClock_Config	8	static
../Core/Src/main.c:102:13:GPIO_Init	8	static
../Core/Src/main.c:148:13:USART1_UART_Init	8	static
../Core/Src/main.c:164:13:DMA_Init	8	static
../Core/Src/main.c:188:13:TIM3_Init	8	static
../Core/Src/main.c:208:13:ADC_Init	8	static
../Core/Src/main.c:250:6:Error_Handler	8	static,ignoring_inline_asm
